S1-neutral, darker wall:       56 rows
S2-neutral, lighter wall:       56 rows
S3-warm, darker wall:       56 rows
S4-lighter neutral, darker wall:       56 rows
B1-orange field, literal:       56 rows
B2-orange field, dimmed:       56 rows
B3-magenta field:       56 rows
B4-gray ground, violet ring:       56 rows
M1-water and shadow:       56 rows
M2-Rouen, end of day:       56 rows
M3-haze: hue alone:       56 rows
M4-water on a light warm ground:       56 rows
G1-the Vision: vermilion ground:       56 rows
G2-the Vision: vermilion wall:       56 rows
G3-the Talisman: tube colours:       56 rows
G4-the Fontainas chord:       56 rows
N1-cool ground:       56 rows
N2-neutral ground:       56 rows
N3-warm ground:       56 rows
N4-cool ground, wider steps:       56 rows
S1-neutral, darker wall:       56 rows
S2-neutral, lighter wall:       56 rows
S3-warm, darker wall:       56 rows
S4-lighter neutral, darker wall:       56 rows
B1-orange field, literal:       56 rows
B2-orange field, dimmed:       56 rows
B3-magenta field:       56 rows
B4-gray ground, violet ring:       56 rows
M1-water and shadow:       56 rows
M2-Rouen, end of day:       56 rows
M3-haze: hue alone:       56 rows
M4-water on a light warm ground:       56 rows
G1-the Vision: vermilion ground:       56 rows
G2-the Vision: vermilion wall:       56 rows
G3-the Talisman: tube colours:       56 rows
G4-the Fontainas chord:       56 rows
N1-cool ground:       56 rows
N2-neutral ground:       56 rows
N3-warm ground:       56 rows
N4-cool ground, wider steps:       56 rows
